  upgraded arsnebula:classx from version 1.0.2 to version 1.0.3
warning: still trying to confirm logout with www.meteor.com
[[[[[ ~/workspace/arsnebula/packages/classx/test ]]]]]

=> Started proxy.
=> Started your app.

=> App running at: http://127.0.0.1:3000
